[2026-10-02T17:04:15.937Z][INFO] Command-line: /Applications/Unity/Hub/Editor/6000.6.3f1/Unity.app/Contents/Helpers/PackageManager/Server/UnityPackageManager server -s 26705 --ipc-path /tmp/Unity-Upm-26705.sock -l 2 --log-file '/Users/cassiuspalacio/Documents/UC Berkeley TDF/DesComp/DesComp Project_CompVis/Paladin_Digiphant/Paladin_Digiphant/Logs/upm.log'
[2026-10-02T17:04:15.968Z][INFO] IPC server started (IPC path=/tmp/Unity-Upm-26705.sock).
[2026-10-02T17:04:15.969Z][INFO] Hint: To connect to this UPM instance, launch Unity with the command-line parameter -upmIpcPath Upm-26705.
[2026-10-02T17:04:19.074Z][INFO] project:list-packages <-- Request received
params: {}
[2026-10-02T17:04:19.128Z][INFO] config:project:get-registries <-- Request received
params: {}
[2026-10-02T17:04:19.295Z][INFO] config:project:get-registries --> 200 (167 ms)
[2026-10-02T17:04:19.313Z][INFO] project:list-packages --> 200 (240 ms)
[2026-10-02T17:04:19.557Z][INFO] project:list-packages <-- Request received
params: {}
[2026-10-02T17:04:19.600Z][INFO] project:list-packages --> 200 (43 ms)
[2026-10-02T17:04:35.105Z][INFO] project:list-packages <-- Request received
params: {}
[2026-10-02T17:04:35.115Z][INFO] project:list-packages <-- Request received
params: {}
[2026-10-02T17:04:35.247Z][INFO] project:list-packages --> 200 (144 ms)
[2026-10-02T17:04:35.247Z][INFO] project:list-packages --> 200 (132 ms)
[2026-10-02T17:04:35.302Z][INFO] project:list-packages <-- Request received
params: {}
[2026-10-02T17:04:35.347Z][INFO] config:project:get-registries <-- Request received
params: {}
[2026-10-02T17:04:35.352Z][INFO] project:list-packages --> 200 (50 ms)
[2026-10-02T17:04:35.353Z][INFO] config:project:get-registries --> 200 (6 ms)
[2026-10-02T17:04:36.665Z][INFO] packages:get-packageinfo <-- Request received
params: {
  "packageId": "com.unity.collab-proxy"
}
[2026-10-02T17:04:37.458Z][INFO] packages:get-packageinfo --> 200 (793 ms)
[2026-10-02T17:04:39.068Z][INFO] project:list-packages <-- Request received
params: {}
[2026-10-02T17:04:39.139Z][INFO] project:list-packages --> 200 (71 ms)
[2026-10-02T17:04:39.713Z][INFO] packages:get-packageinfo <-- Request received
params: {
  "packageId": "com.unity.collab-proxy"
}
[2026-10-02T17:04:39.737Z][INFO] packages:get-packageinfo --> 200 (24 ms)
[2026-10-02T17:04:43.589Z][INFO] project:list-packages <-- Request received
params: {}
[2026-10-02T17:04:44.883Z][INFO] project:list-packages --> 200 (1294 ms)
[2026-10-02T17:05:18.285Z][INFO] project:list-packages <-- Request received
params: {}
[2026-10-02T17:05:18.924Z][INFO] project:list-packages --> 200 (639 ms)
[2026-10-02T17:09:42.403Z][INFO] Received shutdown request (SIGTERM), shutting down Unity Package Manager
